/Users/MasterControlProgram/git/jdrone/src/main/java/surelyhuman/jdrone/control/physical/tello/demos/TelloCameraStreamPlayDemo.java
/Users/MasterControlProgram/git/jdrone/src/main/java/surelyhuman/jdrone/control/physical/tello/demos/TelloCameraStreamRecordDemo.java
/Users/MasterControlProgram/git/jdrone/src/main/java/surelyhuman/jdrone/util/StreamRecorder.java
/Users/MasterControlProgram/git/jdrone/src/main/java/surelyhuman/jdrone/control/physical/tello/demos/TelloFlightDemo.java
/Users/MasterControlProgram/git/jdrone/src/main/java/surelyhuman/jdrone/control/physical/tello/TelloDrone.java
/Users/MasterControlProgram/git/jdrone/src/main/java/surelyhuman/jdrone/control/physical/tello/demos/TelloSensorDemo.java
/Users/MasterControlProgram/git/jdrone/src/main/java/surelyhuman/jdrone/control/DroneController.java
/Users/MasterControlProgram/git/jdrone/src/main/java/surelyhuman/jdrone/Constants.java
/Users/MasterControlProgram/git/jdrone/src/main/java/surelyhuman/jdrone/control/physical/FlightControllable.java
/Users/MasterControlProgram/git/jdrone/src/main/java/surelyhuman/jdrone/util/StreamPlayer.java
/Users/MasterControlProgram/git/jdrone/src/main/java/surelyhuman/jdrone/control/physical/PhysicalDrone.java
/Users/MasterControlProgram/git/jdrone/src/main/java/surelyhuman/jdrone/control/physical/MultiRotorDrone.java
